[2025-10-23T10:16:40.787+0000][gc] Using G1
[2025-10-23T10:16:40.792+0000][gc,init] Version: 17.0.16+8-alpine-r0 (release)
[2025-10-23T10:16:40.792+0000][gc,init] CPUs: 32 total, 32 available
[2025-10-23T10:16:40.792+0000][gc,init] Memory: 15620M
[2025-10-23T10:16:40.792+0000][gc,init] Large Page Support: Disabled
[2025-10-23T10:16:40.793+0000][gc,init] NUMA Support: Disabled
[2025-10-23T10:16:40.793+0000][gc,init] Compressed Oops: Enabled (32-bit)
[2025-10-23T10:16:40.793+0000][gc,init] Heap Region Size: 1M
[2025-10-23T10:16:40.793+0000][gc,init] Heap Min Capacity: 1G
[2025-10-23T10:16:40.793+0000][gc,init] Heap Initial Capacity: 1G
[2025-10-23T10:16:40.794+0000][gc,init] Heap Max Capacity: 1G
[2025-10-23T10:16:40.794+0000][gc,init] Pre-touch: Disabled
[2025-10-23T10:16:40.794+0000][gc,init] Parallel Workers: 23
[2025-10-23T10:16:40.794+0000][gc,init] Concurrent Workers: 6
[2025-10-23T10:16:40.795+0000][gc,init] Concurrent Refinement Workers: 23
[2025-10-23T10:16:40.795+0000][gc,init] Periodic GC: Disabled
[2025-10-23T10:16:40.799+0000][gc,metaspace] CDS archive(s) mapped at: [0x00007cf719000000-0x00007cf719bc7000-0x00007cf719bc7000), size 12349440, SharedBaseAddress: 0x00007cf719000000, ArchiveRelocationMode: 1.
[2025-10-23T10:16:40.799+0000][gc,metaspace] Compressed class space mapped at: 0x00007cf71a000000-0x00007cf75a000000, reserved size: 1073741824
[2025-10-23T10:16:40.799+0000][gc,metaspace] Narrow klass base: 0x00007cf719000000, Narrow klass shift: 0, Narrow klass range: 0x100000000
[2025-10-23T10:16:42.683+0000][gc,start    ] GC(0) Pause Young (Concurrent Start) (Metadata GC Threshold)
[2025-10-23T10:16:42.687+0000][gc,task     ] GC(0) Using 23 workers of 23 for evacuation
[2025-10-23T10:16:42.695+0000][gc,phases   ] GC(0)   Pre Evacuate Collection Set: 0.4ms
[2025-10-23T10:16:42.695+0000][gc,phases   ] GC(0)   Merge Heap Roots: 0.4ms
[2025-10-23T10:16:42.696+0000][gc,phases   ] GC(0)   Evacuate Collection Set: 4.7ms
[2025-10-23T10:16:42.696+0000][gc,phases   ] GC(0)   Post Evacuate Collection Set: 1.8ms
[2025-10-23T10:16:42.696+0000][gc,phases   ] GC(0)   Other: 4.3ms
[2025-10-23T10:16:42.696+0000][gc,heap     ] GC(0) Eden regions: 327->0(493)
[2025-10-23T10:16:42.696+0000][gc,heap     ] GC(0) Survivor regions: 0->19(64)
[2025-10-23T10:16:42.696+0000][gc,heap     ] GC(0) Old regions: 0->0
[2025-10-23T10:16:42.697+0000][gc,heap     ] GC(0) Archive regions: 2->2
[2025-10-23T10:16:42.697+0000][gc,heap     ] GC(0) Humongous regions: 0->0
[2025-10-23T10:16:42.697+0000][gc,metaspace] GC(0) Metaspace: 21147K(21504K)->21147K(21504K) NonClass: 18569K(18752K)->18569K(18752K) Class: 2577K(2752K)->2577K(2752K)
[2025-10-23T10:16:42.697+0000][gc          ] GC(0) Pause Young (Concurrent Start) (Metadata GC Threshold) 327M->19M(1024M) 13.674ms
[2025-10-23T10:16:42.697+0000][gc,cpu      ] GC(0) User=0.06s Sys=0.03s Real=0.02s
[2025-10-23T10:16:42.698+0000][gc          ] GC(1) Concurrent Mark Cycle
[2025-10-23T10:16:42.698+0000][gc,marking  ] GC(1) Concurrent Clear Claimed Marks
[2025-10-23T10:16:42.698+0000][gc,marking  ] GC(1) Concurrent Clear Claimed Marks 0.219ms
[2025-10-23T10:16:42.698+0000][gc,marking  ] GC(1) Concurrent Scan Root Regions
[2025-10-23T10:16:42.701+0000][gc,marking  ] GC(1) Concurrent Scan Root Regions 2.585ms
[2025-10-23T10:16:42.701+0000][gc,marking  ] GC(1) Concurrent Mark
[2025-10-23T10:16:42.701+0000][gc,marking  ] GC(1) Concurrent Mark From Roots
[2025-10-23T10:16:42.702+0000][gc,task     ] GC(1) Using 6 workers of 6 for marking
[2025-10-23T10:16:42.703+0000][gc,marking  ] GC(1) Concurrent Mark From Roots 1.618ms
[2025-10-23T10:16:42.703+0000][gc,marking  ] GC(1) Concurrent Preclean
[2025-10-23T10:16:42.703+0000][gc,marking  ] GC(1) Concurrent Preclean 0.221ms
[2025-10-23T10:16:42.704+0000][gc,start    ] GC(1) Pause Remark
[2025-10-23T10:16:42.707+0000][gc          ] GC(1) Pause Remark 21M->21M(1024M) 2.980ms
[2025-10-23T10:16:42.707+0000][gc,cpu      ] GC(1) User=0.01s Sys=0.00s Real=0.00s
[2025-10-23T10:16:42.707+0000][gc,marking  ] GC(1) Concurrent Mark 6.201ms
[2025-10-23T10:16:42.707+0000][gc,marking  ] GC(1) Concurrent Rebuild Remembered Sets
[2025-10-23T10:16:42.708+0000][gc,marking  ] GC(1) Concurrent Rebuild Remembered Sets 0.269ms
[2025-10-23T10:16:42.708+0000][gc,start    ] GC(1) Pause Cleanup
[2025-10-23T10:16:42.708+0000][gc          ] GC(1) Pause Cleanup 22M->22M(1024M) 0.210ms
[2025-10-23T10:16:42.708+0000][gc,cpu      ] GC(1) User=0.00s Sys=0.00s Real=0.01s
[2025-10-23T10:16:42.709+0000][gc,marking  ] GC(1) Concurrent Cleanup for Next Mark
[2025-10-23T10:16:42.710+0000][gc,marking  ] GC(1) Concurrent Cleanup for Next Mark 1.317ms
[2025-10-23T10:16:42.710+0000][gc          ] GC(1) Concurrent Mark Cycle 12.914ms
[2025-10-23T10:16:43.966+0000][gc,start    ] GC(2) Pause Young (Normal) (G1 Evacuation Pause)
[2025-10-23T10:16:43.966+0000][gc,task     ] GC(2) Using 23 workers of 23 for evacuation
[2025-10-23T10:16:43.981+0000][gc,phases   ] GC(2)   Pre Evacuate Collection Set: 0.5ms
[2025-10-23T10:16:43.981+0000][gc,phases   ] GC(2)   Merge Heap Roots: 0.5ms
[2025-10-23T10:16:43.982+0000][gc,phases   ] GC(2)   Evacuate Collection Set: 10.4ms
[2025-10-23T10:16:43.982+0000][gc,phases   ] GC(2)   Post Evacuate Collection Set: 2.8ms
[2025-10-23T10:16:43.982+0000][gc,phases   ] GC(2)   Other: 0.8ms
[2025-10-23T10:16:43.982+0000][gc,heap     ] GC(2) Eden regions: 493->0(465)
[2025-10-23T10:16:43.982+0000][gc,heap     ] GC(2) Survivor regions: 19->47(64)
[2025-10-23T10:16:43.983+0000][gc,heap     ] GC(2) Old regions: 0->0
[2025-10-23T10:16:43.983+0000][gc,heap     ] GC(2) Archive regions: 2->2
[2025-10-23T10:16:43.983+0000][gc,heap     ] GC(2) Humongous regions: 0->0
[2025-10-23T10:16:43.983+0000][gc,metaspace] GC(2) Metaspace: 32037K(32448K)->32037K(32448K) NonClass: 27991K(28224K)->27991K(28224K) Class: 4045K(4224K)->4045K(4224K)
[2025-10-23T10:16:43.983+0000][gc          ] GC(2) Pause Young (Normal) (G1 Evacuation Pause) 512M->47M(1024M) 17.493ms
[2025-10-23T10:16:43.984+0000][gc,cpu      ] GC(2) User=0.10s Sys=0.13s Real=0.02s
[2025-10-23T10:16:44.106+0000][gc,start    ] GC(3) Pause Young (Concurrent Start) (Metadata GC Threshold)
[2025-10-23T10:16:44.107+0000][gc,task     ] GC(3) Using 23 workers of 23 for evacuation
[2025-10-23T10:16:44.117+0000][gc,phases   ] GC(3)   Pre Evacuate Collection Set: 0.5ms
[2025-10-23T10:16:44.118+0000][gc,phases   ] GC(3)   Merge Heap Roots: 0.4ms
[2025-10-23T10:16:44.118+0000][gc,phases   ] GC(3)   Evacuate Collection Set: 7.5ms
[2025-10-23T10:16:44.118+0000][gc,phases   ] GC(3)   Post Evacuate Collection Set: 1.7ms
[2025-10-23T10:16:44.118+0000][gc,phases   ] GC(3)   Other: 0.8ms
[2025-10-23T10:16:44.118+0000][gc,heap     ] GC(3) Eden regions: 22->0(481)
[2025-10-23T10:16:44.118+0000][gc,heap     ] GC(3) Survivor regions: 47->31(64)
[2025-10-23T10:16:44.119+0000][gc,heap     ] GC(3) Old regions: 0->18
[2025-10-23T10:16:44.119+0000][gc,heap     ] GC(3) Archive regions: 2->2
[2025-10-23T10:16:44.119+0000][gc,heap     ] GC(3) Humongous regions: 0->0
[2025-10-23T10:16:44.119+0000][gc,metaspace] GC(3) Metaspace: 35557K(35968K)->35557K(35968K) NonClass: 31104K(31296K)->31104K(31296K) Class: 4452K(4672K)->4452K(4672K)
[2025-10-23T10:16:44.120+0000][gc          ] GC(3) Pause Young (Concurrent Start) (Metadata GC Threshold) 68M->49M(1024M) 13.394ms
[2025-10-23T10:16:44.120+0000][gc,cpu      ] GC(3) User=0.09s Sys=0.07s Real=0.02s
[2025-10-23T10:16:44.120+0000][gc          ] GC(4) Concurrent Mark Cycle
[2025-10-23T10:16:44.120+0000][gc,marking  ] GC(4) Concurrent Clear Claimed Marks
[2025-10-23T10:16:44.121+0000][gc,marking  ] GC(4) Concurrent Clear Claimed Marks 0.214ms
[2025-10-23T10:16:44.121+0000][gc,marking  ] GC(4) Concurrent Scan Root Regions
[2025-10-23T10:16:44.123+0000][gc,marking  ] GC(4) Concurrent Scan Root Regions 2.212ms
[2025-10-23T10:16:44.123+0000][gc,marking  ] GC(4) Concurrent Mark
[2025-10-23T10:16:44.124+0000][gc,marking  ] GC(4) Concurrent Mark From Roots
[2025-10-23T10:16:44.124+0000][gc,task     ] GC(4) Using 6 workers of 6 for marking
[2025-10-23T10:16:44.125+0000][gc,marking  ] GC(4) Concurrent Mark From Roots 1.533ms
[2025-10-23T10:16:44.125+0000][gc,marking  ] GC(4) Concurrent Preclean
[2025-10-23T10:16:44.126+0000][gc,marking  ] GC(4) Concurrent Preclean 0.338ms
[2025-10-23T10:16:44.126+0000][gc,start    ] GC(4) Pause Remark
[2025-10-23T10:16:44.130+0000][gc          ] GC(4) Pause Remark 49M->49M(1024M) 3.473ms
[2025-10-23T10:16:44.130+0000][gc,cpu      ] GC(4) User=0.02s Sys=0.00s Real=0.01s
[2025-10-23T10:16:44.130+0000][gc,marking  ] GC(4) Concurrent Mark 6.675ms
[2025-10-23T10:16:44.130+0000][gc,marking  ] GC(4) Concurrent Rebuild Remembered Sets
[2025-10-23T10:16:44.130+0000][gc,marking  ] GC(4) Concurrent Rebuild Remembered Sets 0.216ms
[2025-10-23T10:16:44.131+0000][gc,start    ] GC(4) Pause Cleanup
[2025-10-23T10:16:44.131+0000][gc          ] GC(4) Pause Cleanup 49M->49M(1024M) 0.205ms
[2025-10-23T10:16:44.131+0000][gc,cpu      ] GC(4) User=0.00s Sys=0.00s Real=0.00s
[2025-10-23T10:16:44.132+0000][gc,marking  ] GC(4) Concurrent Cleanup for Next Mark
[2025-10-23T10:16:44.135+0000][gc,marking  ] GC(4) Concurrent Cleanup for Next Mark 3.702ms
[2025-10-23T10:16:44.136+0000][gc          ] GC(4) Concurrent Mark Cycle 15.459ms
[2025-10-23T10:16:50.793+0000][gc,start    ] GC(5) Pause Young (Concurrent Start) (Metadata GC Threshold)
[2025-10-23T10:16:50.793+0000][gc,task     ] GC(5) Using 23 workers of 23 for evacuation
[2025-10-23T10:16:50.803+0000][gc,phases   ] GC(5)   Pre Evacuate Collection Set: 0.5ms
[2025-10-23T10:16:50.804+0000][gc,phases   ] GC(5)   Merge Heap Roots: 0.4ms
[2025-10-23T10:16:50.804+0000][gc,phases   ] GC(5)   Evacuate Collection Set: 6.0ms
[2025-10-23T10:16:50.804+0000][gc,phases   ] GC(5)   Post Evacuate Collection Set: 3.1ms
[2025-10-23T10:16:50.804+0000][gc,phases   ] GC(5)   Other: 0.6ms
[2025-10-23T10:16:50.804+0000][gc,heap     ] GC(5) Eden regions: 301->0(465)
[2025-10-23T10:16:50.805+0000][gc,heap     ] GC(5) Survivor regions: 31->47(64)
[2025-10-23T10:16:50.805+0000][gc,heap     ] GC(5) Old regions: 18->18
[2025-10-23T10:16:50.805+0000][gc,heap     ] GC(5) Archive regions: 2->2
[2025-10-23T10:16:50.805+0000][gc,heap     ] GC(5) Humongous regions: 0->0
[2025-10-23T10:16:50.805+0000][gc,metaspace] GC(5) Metaspace: 59667K(60160K)->59667K(60160K) NonClass: 52343K(52544K)->52343K(52544K) Class: 7324K(7616K)->7324K(7616K)
[2025-10-23T10:16:50.805+0000][gc          ] GC(5) Pause Young (Concurrent Start) (Metadata GC Threshold) 350M->65M(1024M) 12.799ms
[2025-10-23T10:16:50.806+0000][gc,cpu      ] GC(5) User=0.08s Sys=0.03s Real=0.01s
[2025-10-23T10:16:50.806+0000][gc          ] GC(6) Concurrent Mark Cycle
[2025-10-23T10:16:50.806+0000][gc,marking  ] GC(6) Concurrent Clear Claimed Marks
[2025-10-23T10:16:50.806+0000][gc,marking  ] GC(6) Concurrent Clear Claimed Marks 0.206ms
[2025-10-23T10:16:50.807+0000][gc,marking  ] GC(6) Concurrent Scan Root Regions
[2025-10-23T10:16:50.810+0000][gc,marking  ] GC(6) Concurrent Scan Root Regions 2.942ms
[2025-10-23T10:16:50.810+0000][gc,marking  ] GC(6) Concurrent Mark
[2025-10-23T10:16:50.810+0000][gc,marking  ] GC(6) Concurrent Mark From Roots
[2025-10-23T10:16:50.810+0000][gc,task     ] GC(6) Using 6 workers of 6 for marking
[2025-10-23T10:16:50.814+0000][gc,marking  ] GC(6) Concurrent Mark From Roots 4.066ms
[2025-10-23T10:16:50.814+0000][gc,marking  ] GC(6) Concurrent Preclean
[2025-10-23T10:16:50.815+0000][gc,marking  ] GC(6) Concurrent Preclean 0.353ms
[2025-10-23T10:16:50.815+0000][gc,start    ] GC(6) Pause Remark
[2025-10-23T10:16:50.819+0000][gc          ] GC(6) Pause Remark 66M->66M(1024M) 3.699ms
[2025-10-23T10:16:50.819+0000][gc,cpu      ] GC(6) User=0.01s Sys=0.01s Real=0.01s
[2025-10-23T10:16:50.819+0000][gc,marking  ] GC(6) Concurrent Mark 9.374ms
[2025-10-23T10:16:50.819+0000][gc,marking  ] GC(6) Concurrent Rebuild Remembered Sets
[2025-10-23T10:16:50.820+0000][gc,marking  ] GC(6) Concurrent Rebuild Remembered Sets 0.299ms
[2025-10-23T10:16:50.820+0000][gc,start    ] GC(6) Pause Cleanup
[2025-10-23T10:16:50.820+0000][gc          ] GC(6) Pause Cleanup 66M->66M(1024M) 0.171ms
[2025-10-23T10:16:50.820+0000][gc,cpu      ] GC(6) User=0.00s Sys=0.00s Real=0.00s
[2025-10-23T10:16:50.821+0000][gc,marking  ] GC(6) Concurrent Cleanup for Next Mark
[2025-10-23T10:16:50.821+0000][gc,marking  ] GC(6) Concurrent Cleanup for Next Mark 0.719ms
[2025-10-23T10:16:50.822+0000][gc          ] GC(6) Concurrent Mark Cycle 15.596ms
[2025-10-23T10:16:51.226+0000][gc,heap,exit] Heap
[2025-10-23T10:16:51.226+0000][gc,heap,exit]  garbage-first heap   total 1048576K, used 113443K [0x00000000c0000000, 0x0000000100000000)
[2025-10-23T10:16:51.226+0000][gc,heap,exit]   region size 1024K, 93 young (95232K), 47 survivors (48128K)
[2025-10-23T10:16:51.226+0000][gc,heap,exit]  Metaspace       used 60539K, committed 61120K, reserved 1114112K
[2025-10-23T10:16:51.226+0000][gc,heap,exit]   class space    used 7463K, committed 7744K, reserved 1048576K
